INFO(131090406610752)2026-04-24 13:28:21,909:*************************
INFO(131090406610752)2026-04-24 13:28:21,909:deblurring started
WARNING(131090406610752)2026-04-24 13:28:21,909:deblur version 1.1.1 workflow started on /tmp/qiime2/vscode/data/cee541c7-cf65-4b0c-8596-d560717d3db4/data
WARNING(131090406610752)2026-04-24 13:28:21,909:parameters: {'seqs_fp': '/tmp/qiime2/vscode/data/cee541c7-cf65-4b0c-8596-d560717d3db4/data', 'output_dir': '/tmp/tmpm40vaj2t', 'pos_ref_fp': (), 'pos_ref_db_fp': (), 'neg_ref_fp': (), 'neg_ref_db_fp': (), 'overwrite': True, 'mean_error': 0.005, 'error_dist': [1.0, 0.06, 0.02, 0.02, 0.01, 0.005, 0.005, 0.005, 0.001, 0.001, 0.001, 0.0005], 'indel_prob': 0.01, 'indel_max': 3, 'trim_length': 120, 'left_trim_length': 0, 'min_reads': 10, 'min_size': 2, 'threads_per_sample': 1, 'keep_tmp_files': True, 'log_level': 2, 'log_file': '/workspaces/qiime2_blog/deblur.log', 'jobs_to_start': 1, 'is_worker_thread': False, 'logger': <Logger __main__ (INFO)>}
INFO(131090406610752)2026-04-24 13:28:21,909:error_dist is : [1.0, 0.06, 0.02, 0.02, 0.01, 0.005, 0.005, 0.005, 0.001, 0.001, 0.001, 0.0005]
INFO(131090406610752)2026-04-24 13:28:21,909:deblur main program started
INFO(131090406610752)2026-04-24 13:28:21,910:processing directory /tmp/qiime2/vscode/data/cee541c7-cf65-4b0c-8596-d560717d3db4/data
INFO(131090406610752)2026-04-24 13:28:21,911:building negative db sortmerna index files
INFO(131090406610752)2026-04-24 13:28:21,912:build_index_sortmerna files ['/opt/conda/envs/qiime2-amplicon-2026.1/lib/python3.10/site-packages/deblur/support_files/artifacts.fa'] to dir /tmp/tmpm40vaj2t/deblur_working_dir
INFO(131090406610752)2026-04-24 13:28:21,947:building positive db sortmerna index files
INFO(131090406610752)2026-04-24 13:28:21,947:build_index_sortmerna files ['/opt/conda/envs/qiime2-amplicon-2026.1/lib/python3.10/site-packages/deblur/support_files/88_otus.fasta'] to dir /tmp/tmpm40vaj2t/deblur_working_dir
INFO(131090406610752)2026-04-24 13:28:56,531:processing per sample fasta files
INFO(131090406610752)2026-04-24 13:28:56,535:--------------------------------------------------------
INFO(131090406610752)2026-04-24 13:28:56,535:launch_workflow for file /tmp/qiime2/vscode/data/cee541c7-cf65-4b0c-8596-d560717d3db4/data/L2S175_27_L001_R1_001.fastq.gz
INFO(131090406610752)2026-04-24 13:28:57,252:dereplicate seqs file /tmp/tmpm40vaj2t/deblur_working_dir/L2S175_27_L001_R1_001.fastq.gz.trim
INFO(131090406610752)2026-04-24 13:28:57,282:remove_artifacts_seqs file /tmp/tmpm40vaj2t/deblur_working_dir/L2S175_27_L001_R1_001.fastq.gz.trim.derep
INFO(131090406610752)2026-04-24 13:28:57,617:total sequences 281, passing sequences 281, failing sequences 0
INFO(131090406610752)2026-04-24 13:28:57,617:multiple_sequence_alignment seqs file /tmp/tmpm40vaj2t/deblur_working_dir/L2S175_27_L001_R1_001.fastq.gz.trim.derep.no_artifacts
INFO(131090406610752)2026-04-24 13:28:58,984:deblurring 281 sequences
INFO(131090406610752)2026-04-24 13:28:59,042:178 unique sequences left following deblurring
INFO(131090406610752)2026-04-24 13:28:59,042:remove_chimeras_denovo_from_seqs seqs file /tmp/tmpm40vaj2t/deblur_working_dir/L2S175_27_L001_R1_001.fastq.gz.trim.derep.no_artifacts.msa.deblurto working dir /tmp/tmpm40vaj2t/deblur_working_dir
INFO(131090406610752)2026-04-24 13:28:59,070:finished processing file
INFO(131090406610752)2026-04-24 13:28:59,070:--------------------------------------------------------
INFO(131090406610752)2026-04-24 13:28:59,070:launch_workflow for file /tmp/qiime2/vscode/data/cee541c7-cf65-4b0c-8596-d560717d3db4/data/L6S20_20_L001_R1_001.fastq.gz
INFO(131090406610752)2026-04-24 13:29:00,083:dereplicate seqs file /tmp/tmpm40vaj2t/deblur_working_dir/L6S20_20_L001_R1_001.fastq.gz.trim
INFO(131090406610752)2026-04-24 13:29:00,090:remove_artifacts_seqs file /tmp/tmpm40vaj2t/deblur_working_dir/L6S20_20_L001_R1_001.fastq.gz.trim.derep
INFO(131090406610752)2026-04-24 13:29:00,406:total sequences 282, passing sequences 282, failing sequences 0
INFO(131090406610752)2026-04-24 13:29:00,406:multiple_sequence_alignment seqs file /tmp/tmpm40vaj2t/deblur_working_dir/L6S20_20_L001_R1_001.fastq.gz.trim.derep.no_artifacts
INFO(131090406610752)2026-04-24 13:29:02,166:deblurring 282 sequences
INFO(131090406610752)2026-04-24 13:29:02,188:67 unique sequences left following deblurring
INFO(131090406610752)2026-04-24 13:29:02,189:remove_chimeras_denovo_from_seqs seqs file /tmp/tmpm40vaj2t/deblur_working_dir/L6S20_20_L001_R1_001.fastq.gz.trim.derep.no_artifacts.msa.deblurto working dir /tmp/tmpm40vaj2t/deblur_working_dir
INFO(131090406610752)2026-04-24 13:29:02,200:finished processing file
INFO(131090406610752)2026-04-24 13:29:02,201:--------------------------------------------------------
INFO(131090406610752)2026-04-24 13:29:02,201:launch_workflow for file /tmp/qiime2/vscode/data/cee541c7-cf65-4b0c-8596-d560717d3db4/data/L5S240_14_L001_R1_001.fastq.gz
INFO(131090406610752)2026-04-24 13:29:02,471:dereplicate seqs file /tmp/tmpm40vaj2t/deblur_working_dir/L5S240_14_L001_R1_001.fastq.gz.trim
INFO(131090406610752)2026-04-24 13:29:02,475:remove_artifacts_seqs file /tmp/tmpm40vaj2t/deblur_working_dir/L5S240_14_L001_R1_001.fastq.gz.trim.derep
INFO(131090406610752)2026-04-24 13:29:02,785:total sequences 71, passing sequences 71, failing sequences 0
INFO(131090406610752)2026-04-24 13:29:02,785:multiple_sequence_alignment seqs file /tmp/tmpm40vaj2t/deblur_working_dir/L5S240_14_L001_R1_001.fastq.gz.trim.derep.no_artifacts
INFO(131090406610752)2026-04-24 13:29:03,600:deblurring 71 sequences
INFO(131090406610752)2026-04-24 13:29:03,603:29 unique sequences left following deblurring
INFO(131090406610752)2026-04-24 13:29:03,603:remove_chimeras_denovo_from_seqs seqs file /tmp/tmpm40vaj2t/deblur_working_dir/L5S240_14_L001_R1_001.fastq.gz.trim.derep.no_artifacts.msa.deblurto working dir /tmp/tmpm40vaj2t/deblur_working_dir
INFO(131090406610752)2026-04-24 13:29:03,611:finished processing file
INFO(131090406610752)2026-04-24 13:29:03,611:--------------------------------------------------------
INFO(131090406610752)2026-04-24 13:29:03,611:launch_workflow for file /tmp/qiime2/vscode/data/cee541c7-cf65-4b0c-8596-d560717d3db4/data/L1S140_6_L001_R1_001.fastq.gz
INFO(131090406610752)2026-04-24 13:29:04,725:dereplicate seqs file /tmp/tmpm40vaj2t/deblur_working_dir/L1S140_6_L001_R1_001.fastq.gz.trim
INFO(131090406610752)2026-04-24 13:29:04,732:remove_artifacts_seqs file /tmp/tmpm40vaj2t/deblur_working_dir/L1S140_6_L001_R1_001.fastq.gz.trim.derep
INFO(131090406610752)2026-04-24 13:29:05,049:total sequences 421, passing sequences 421, failing sequences 0
INFO(131090406610752)2026-04-24 13:29:05,049:multiple_sequence_alignment seqs file /tmp/tmpm40vaj2t/deblur_working_dir/L1S140_6_L001_R1_001.fastq.gz.trim.derep.no_artifacts
INFO(131090406610752)2026-04-24 13:29:08,211:deblurring 421 sequences
INFO(131090406610752)2026-04-24 13:29:08,273:109 unique sequences left following deblurring
INFO(131090406610752)2026-04-24 13:29:08,273:remove_chimeras_denovo_from_seqs seqs file /tmp/tmpm40vaj2t/deblur_working_dir/L1S140_6_L001_R1_001.fastq.gz.trim.derep.no_artifacts.msa.deblurto working dir /tmp/tmpm40vaj2t/deblur_working_dir
INFO(131090406610752)2026-04-24 13:29:08,293:finished processing file
INFO(131090406610752)2026-04-24 13:29:08,294:--------------------------------------------------------
INFO(131090406610752)2026-04-24 13:29:08,294:launch_workflow for file /tmp/qiime2/vscode/data/cee541c7-cf65-4b0c-8596-d560717d3db4/data/L5S174_29_L001_R1_001.fastq.gz
INFO(131090406610752)2026-04-24 13:29:08,578:dereplicate seqs file /tmp/tmpm40vaj2t/deblur_working_dir/L5S174_29_L001_R1_001.fastq.gz.trim
INFO(131090406610752)2026-04-24 13:29:08,582:remove_artifacts_seqs file /tmp/tmpm40vaj2t/deblur_working_dir/L5S174_29_L001_R1_001.fastq.gz.trim.derep
INFO(131090406610752)2026-04-24 13:29:08,894:total sequences 87, passing sequences 87, failing sequences 0
INFO(131090406610752)2026-04-24 13:29:08,894:multiple_sequence_alignment seqs file /tmp/tmpm40vaj2t/deblur_working_dir/L5S174_29_L001_R1_001.fastq.gz.trim.derep.no_artifacts
INFO(131090406610752)2026-04-24 13:29:09,831:deblurring 87 sequences
INFO(131090406610752)2026-04-24 13:29:09,836:41 unique sequences left following deblurring
INFO(131090406610752)2026-04-24 13:29:09,836:remove_chimeras_denovo_from_seqs seqs file /tmp/tmpm40vaj2t/deblur_working_dir/L5S174_29_L001_R1_001.fastq.gz.trim.derep.no_artifacts.msa.deblurto working dir /tmp/tmpm40vaj2t/deblur_working_dir
INFO(131090406610752)2026-04-24 13:29:09,846:finished processing file
INFO(131090406610752)2026-04-24 13:29:09,847:--------------------------------------------------------
INFO(131090406610752)2026-04-24 13:29:09,847:launch_workflow for file /tmp/qiime2/vscode/data/cee541c7-cf65-4b0c-8596-d560717d3db4/data/L3S242_19_L001_R1_001.fastq.gz
INFO(131090406610752)2026-04-24 13:29:09,995:dereplicate seqs file /tmp/tmpm40vaj2t/deblur_working_dir/L3S242_19_L001_R1_001.fastq.gz.trim
INFO(131090406610752)2026-04-24 13:29:09,998:remove_artifacts_seqs file /tmp/tmpm40vaj2t/deblur_working_dir/L3S242_19_L001_R1_001.fastq.gz.trim.derep
INFO(131090406610752)2026-04-24 13:29:10,304:total sequences 50, passing sequences 50, failing sequences 0
INFO(131090406610752)2026-04-24 13:29:10,304:multiple_sequence_alignment seqs file /tmp/tmpm40vaj2t/deblur_working_dir/L3S242_19_L001_R1_001.fastq.gz.trim.derep.no_artifacts
INFO(131090406610752)2026-04-24 13:29:10,660:deblurring 50 sequences
INFO(131090406610752)2026-04-24 13:29:10,663:32 unique sequences left following deblurring
INFO(131090406610752)2026-04-24 13:29:10,663:remove_chimeras_denovo_from_seqs seqs file /tmp/tmpm40vaj2t/deblur_working_dir/L3S242_19_L001_R1_001.fastq.gz.trim.derep.no_artifacts.msa.deblurto working dir /tmp/tmpm40vaj2t/deblur_working_dir
INFO(131090406610752)2026-04-24 13:29:10,670:finished processing file
INFO(131090406610752)2026-04-24 13:29:10,670:--------------------------------------------------------
INFO(131090406610752)2026-04-24 13:29:10,670:launch_workflow for file /tmp/qiime2/vscode/data/cee541c7-cf65-4b0c-8596-d560717d3db4/data/L1S8_8_L001_R1_001.fastq.gz
INFO(131090406610752)2026-04-24 13:29:11,717:dereplicate seqs file /tmp/tmpm40vaj2t/deblur_working_dir/L1S8_8_L001_R1_001.fastq.gz.trim
INFO(131090406610752)2026-04-24 13:29:11,724:remove_artifacts_seqs file /tmp/tmpm40vaj2t/deblur_working_dir/L1S8_8_L001_R1_001.fastq.gz.trim.derep
INFO(131090406610752)2026-04-24 13:29:12,044:total sequences 393, passing sequences 393, failing sequences 0
INFO(131090406610752)2026-04-24 13:29:12,044:multiple_sequence_alignment seqs file /tmp/tmpm40vaj2t/deblur_working_dir/L1S8_8_L001_R1_001.fastq.gz.trim.derep.no_artifacts
INFO(131090406610752)2026-04-24 13:29:15,202:deblurring 393 sequences
INFO(131090406610752)2026-04-24 13:29:15,242:70 unique sequences left following deblurring
INFO(131090406610752)2026-04-24 13:29:15,243:remove_chimeras_denovo_from_seqs seqs file /tmp/tmpm40vaj2t/deblur_working_dir/L1S8_8_L001_R1_001.fastq.gz.trim.derep.no_artifacts.msa.deblurto working dir /tmp/tmpm40vaj2t/deblur_working_dir
INFO(131090406610752)2026-04-24 13:29:15,256:finished processing file
INFO(131090406610752)2026-04-24 13:29:15,256:--------------------------------------------------------
INFO(131090406610752)2026-04-24 13:29:15,257:launch_workflow for file /tmp/qiime2/vscode/data/cee541c7-cf65-4b0c-8596-d560717d3db4/data/L3S360_4_L001_R1_001.fastq.gz
INFO(131090406610752)2026-04-24 13:29:15,440:dereplicate seqs file /tmp/tmpm40vaj2t/deblur_working_dir/L3S360_4_L001_R1_001.fastq.gz.trim
INFO(131090406610752)2026-04-24 13:29:15,444:remove_artifacts_seqs file /tmp/tmpm40vaj2t/deblur_working_dir/L3S360_4_L001_R1_001.fastq.gz.trim.derep
INFO(131090406610752)2026-04-24 13:29:15,770:total sequences 119, passing sequences 119, failing sequences 0
INFO(131090406610752)2026-04-24 13:29:15,770:multiple_sequence_alignment seqs file /tmp/tmpm40vaj2t/deblur_working_dir/L3S360_4_L001_R1_001.fastq.gz.trim.derep.no_artifacts
INFO(131090406610752)2026-04-24 13:29:17,342:deblurring 119 sequences
INFO(131090406610752)2026-04-24 13:29:17,359:112 unique sequences left following deblurring
INFO(131090406610752)2026-04-24 13:29:17,360:remove_chimeras_denovo_from_seqs seqs file /tmp/tmpm40vaj2t/deblur_working_dir/L3S360_4_L001_R1_001.fastq.gz.trim.derep.no_artifacts.msa.deblurto working dir /tmp/tmpm40vaj2t/deblur_working_dir
INFO(131090406610752)2026-04-24 13:29:17,377:finished processing file
INFO(131090406610752)2026-04-24 13:29:17,377:--------------------------------------------------------
INFO(131090406610752)2026-04-24 13:29:17,377:launch_workflow for file /tmp/qiime2/vscode/data/cee541c7-cf65-4b0c-8596-d560717d3db4/data/L2S357_15_L001_R1_001.fastq.gz
INFO(131090406610752)2026-04-24 13:29:17,773:dereplicate seqs file /tmp/tmpm40vaj2t/deblur_working_dir/L2S357_15_L001_R1_001.fastq.gz.trim
INFO(131090406610752)2026-04-24 13:29:17,777:remove_artifacts_seqs file /tmp/tmpm40vaj2t/deblur_working_dir/L2S357_15_L001_R1_001.fastq.gz.trim.derep
INFO(131090406610752)2026-04-24 13:29:18,088:total sequences 149, passing sequences 149, failing sequences 0
INFO(131090406610752)2026-04-24 13:29:18,088:multiple_sequence_alignment seqs file /tmp/tmpm40vaj2t/deblur_working_dir/L2S357_15_L001_R1_001.fastq.gz.trim.derep.no_artifacts
INFO(131090406610752)2026-04-24 13:29:20,597:deblurring 149 sequences
INFO(131090406610752)2026-04-24 13:29:20,614:87 unique sequences left following deblurring
INFO(131090406610752)2026-04-24 13:29:20,614:remove_chimeras_denovo_from_seqs seqs file /tmp/tmpm40vaj2t/deblur_working_dir/L2S357_15_L001_R1_001.fastq.gz.trim.derep.no_artifacts.msa.deblurto working dir /tmp/tmpm40vaj2t/deblur_working_dir
INFO(131090406610752)2026-04-24 13:29:20,628:finished processing file
INFO(131090406610752)2026-04-24 13:29:20,628:--------------------------------------------------------
INFO(131090406610752)2026-04-24 13:29:20,628:launch_workflow for file /tmp/qiime2/vscode/data/cee541c7-cf65-4b0c-8596-d560717d3db4/data/L6S93_22_L001_R1_001.fastq.gz
INFO(131090406610752)2026-04-24 13:29:21,698:dereplicate seqs file /tmp/tmpm40vaj2t/deblur_working_dir/L6S93_22_L001_R1_001.fastq.gz.trim
INFO(131090406610752)2026-04-24 13:29:21,705:remove_artifacts_seqs file /tmp/tmpm40vaj2t/deblur_working_dir/L6S93_22_L001_R1_001.fastq.gz.trim.derep
INFO(131090406610752)2026-04-24 13:29:22,017:total sequences 268, passing sequences 268, failing sequences 0
INFO(131090406610752)2026-04-24 13:29:22,017:multiple_sequence_alignment seqs file /tmp/tmpm40vaj2t/deblur_working_dir/L6S93_22_L001_R1_001.fastq.gz.trim.derep.no_artifacts
INFO(131090406610752)2026-04-24 13:29:23,147:deblurring 268 sequences
INFO(131090406610752)2026-04-24 13:29:23,175:76 unique sequences left following deblurring
INFO(131090406610752)2026-04-24 13:29:23,176:remove_chimeras_denovo_from_seqs seqs file /tmp/tmpm40vaj2t/deblur_working_dir/L6S93_22_L001_R1_001.fastq.gz.trim.derep.no_artifacts.msa.deblurto working dir /tmp/tmpm40vaj2t/deblur_working_dir
INFO(131090406610752)2026-04-24 13:29:23,188:finished processing file
INFO(131090406610752)2026-04-24 13:29:23,189:--------------------------------------------------------
INFO(131090406610752)2026-04-24 13:29:23,189:launch_workflow for file /tmp/qiime2/vscode/data/cee541c7-cf65-4b0c-8596-d560717d3db4/data/L4S137_21_L001_R1_001.fastq.gz
INFO(131090406610752)2026-04-24 13:29:24,696:dereplicate seqs file /tmp/tmpm40vaj2t/deblur_working_dir/L4S137_21_L001_R1_001.fastq.gz.trim
INFO(131090406610752)2026-04-24 13:29:24,705:remove_artifacts_seqs file /tmp/tmpm40vaj2t/deblur_working_dir/L4S137_21_L001_R1_001.fastq.gz.trim.derep
INFO(131090406610752)2026-04-24 13:29:25,025:total sequences 503, passing sequences 503, failing sequences 0
INFO(131090406610752)2026-04-24 13:29:25,025:multiple_sequence_alignment seqs file /tmp/tmpm40vaj2t/deblur_working_dir/L4S137_21_L001_R1_001.fastq.gz.trim.derep.no_artifacts
INFO(131090406610752)2026-04-24 13:29:25,501:deblurring 503 sequences
INFO(131090406610752)2026-04-24 13:29:25,638:242 unique sequences left following deblurring
INFO(131090406610752)2026-04-24 13:29:25,639:remove_chimeras_denovo_from_seqs seqs file /tmp/tmpm40vaj2t/deblur_working_dir/L4S137_21_L001_R1_001.fastq.gz.trim.derep.no_artifacts.msa.deblurto working dir /tmp/tmpm40vaj2t/deblur_working_dir
INFO(131090406610752)2026-04-24 13:29:25,675:finished processing file
INFO(131090406610752)2026-04-24 13:29:25,675:--------------------------------------------------------
INFO(131090406610752)2026-04-24 13:29:25,675:launch_workflow for file /tmp/qiime2/vscode/data/cee541c7-cf65-4b0c-8596-d560717d3db4/data/L1S57_13_L001_R1_001.fastq.gz
INFO(131090406610752)2026-04-24 13:29:26,931:dereplicate seqs file /tmp/tmpm40vaj2t/deblur_working_dir/L1S57_13_L001_R1_001.fastq.gz.trim
INFO(131090406610752)2026-04-24 13:29:26,940:remove_artifacts_seqs file /tmp/tmpm40vaj2t/deblur_working_dir/L1S57_13_L001_R1_001.fastq.gz.trim.derep
INFO(131090406610752)2026-04-24 13:29:27,270:total sequences 473, passing sequences 473, failing sequences 0
INFO(131090406610752)2026-04-24 13:29:27,271:multiple_sequence_alignment seqs file /tmp/tmpm40vaj2t/deblur_working_dir/L1S57_13_L001_R1_001.fastq.gz.trim.derep.no_artifacts
INFO(131090406610752)2026-04-24 13:29:31,595:deblurring 473 sequences
INFO(131090406610752)2026-04-24 13:29:31,672:118 unique sequences left following deblurring
INFO(131090406610752)2026-04-24 13:29:31,672:remove_chimeras_denovo_from_seqs seqs file /tmp/tmpm40vaj2t/deblur_working_dir/L1S57_13_L001_R1_001.fastq.gz.trim.derep.no_artifacts.msa.deblurto working dir /tmp/tmpm40vaj2t/deblur_working_dir
INFO(131090406610752)2026-04-24 13:29:31,695:finished processing file
INFO(131090406610752)2026-04-24 13:29:31,695:--------------------------------------------------------
INFO(131090406610752)2026-04-24 13:29:31,695:launch_workflow for file /tmp/qiime2/vscode/data/cee541c7-cf65-4b0c-8596-d560717d3db4/data/L4S63_31_L001_R1_001.fastq.gz
INFO(131090406610752)2026-04-24 13:29:33,455:dereplicate seqs file /tmp/tmpm40vaj2t/deblur_working_dir/L4S63_31_L001_R1_001.fastq.gz.trim
INFO(131090406610752)2026-04-24 13:29:33,466:remove_artifacts_seqs file /tmp/tmpm40vaj2t/deblur_working_dir/L4S63_31_L001_R1_001.fastq.gz.trim.derep
INFO(131090406610752)2026-04-24 13:29:33,806:total sequences 691, passing sequences 691, failing sequences 0
INFO(131090406610752)2026-04-24 13:29:33,806:multiple_sequence_alignment seqs file /tmp/tmpm40vaj2t/deblur_working_dir/L4S63_31_L001_R1_001.fastq.gz.trim.derep.no_artifacts
INFO(131090406610752)2026-04-24 13:29:34,471:deblurring 691 sequences
INFO(131090406610752)2026-04-24 13:29:34,855:468 unique sequences left following deblurring
INFO(131090406610752)2026-04-24 13:29:34,857:remove_chimeras_denovo_from_seqs seqs file /tmp/tmpm40vaj2t/deblur_working_dir/L4S63_31_L001_R1_001.fastq.gz.trim.derep.no_artifacts.msa.deblurto working dir /tmp/tmpm40vaj2t/deblur_working_dir
INFO(131090406610752)2026-04-24 13:29:34,936:finished processing file
INFO(131090406610752)2026-04-24 13:29:34,937:--------------------------------------------------------
INFO(131090406610752)2026-04-24 13:29:34,937:launch_workflow for file /tmp/qiime2/vscode/data/cee541c7-cf65-4b0c-8596-d560717d3db4/data/L1S208_10_L001_R1_001.fastq.gz
INFO(131090406610752)2026-04-24 13:29:36,298:dereplicate seqs file /tmp/tmpm40vaj2t/deblur_working_dir/L1S208_10_L001_R1_001.fastq.gz.trim
INFO(131090406610752)2026-04-24 13:29:36,307:remove_artifacts_seqs file /tmp/tmpm40vaj2t/deblur_working_dir/L1S208_10_L001_R1_001.fastq.gz.trim.derep
INFO(131090406610752)2026-04-24 13:29:36,643:total sequences 477, passing sequences 477, failing sequences 0
INFO(131090406610752)2026-04-24 13:29:36,643:multiple_sequence_alignment seqs file /tmp/tmpm40vaj2t/deblur_working_dir/L1S208_10_L001_R1_001.fastq.gz.trim.derep.no_artifacts
INFO(131090406610752)2026-04-24 13:29:39,972:deblurring 477 sequences
INFO(131090406610752)2026-04-24 13:29:40,065:149 unique sequences left following deblurring
INFO(131090406610752)2026-04-24 13:29:40,066:remove_chimeras_denovo_from_seqs seqs file /tmp/tmpm40vaj2t/deblur_working_dir/L1S208_10_L001_R1_001.fastq.gz.trim.derep.no_artifacts.msa.deblurto working dir /tmp/tmpm40vaj2t/deblur_working_dir
INFO(131090406610752)2026-04-24 13:29:40,095:finished processing file
INFO(131090406610752)2026-04-24 13:29:40,095:--------------------------------------------------------
INFO(131090406610752)2026-04-24 13:29:40,095:launch_workflow for file /tmp/qiime2/vscode/data/cee541c7-cf65-4b0c-8596-d560717d3db4/data/L3S313_32_L001_R1_001.fastq.gz
INFO(131090406610752)2026-04-24 13:29:40,294:dereplicate seqs file /tmp/tmpm40vaj2t/deblur_working_dir/L3S313_32_L001_R1_001.fastq.gz.trim
INFO(131090406610752)2026-04-24 13:29:40,297:remove_artifacts_seqs file /tmp/tmpm40vaj2t/deblur_working_dir/L3S313_32_L001_R1_001.fastq.gz.trim.derep
INFO(131090406610752)2026-04-24 13:29:40,627:total sequences 85, passing sequences 85, failing sequences 0
INFO(131090406610752)2026-04-24 13:29:40,627:multiple_sequence_alignment seqs file /tmp/tmpm40vaj2t/deblur_working_dir/L3S313_32_L001_R1_001.fastq.gz.trim.derep.no_artifacts
INFO(131090406610752)2026-04-24 13:29:41,538:deblurring 85 sequences
INFO(131090406610752)2026-04-24 13:29:41,546:69 unique sequences left following deblurring
INFO(131090406610752)2026-04-24 13:29:41,546:remove_chimeras_denovo_from_seqs seqs file /tmp/tmpm40vaj2t/deblur_working_dir/L3S313_32_L001_R1_001.fastq.gz.trim.derep.no_artifacts.msa.deblurto working dir /tmp/tmpm40vaj2t/deblur_working_dir
INFO(131090406610752)2026-04-24 13:29:41,559:finished processing file
INFO(131090406610752)2026-04-24 13:29:41,559:--------------------------------------------------------
INFO(131090406610752)2026-04-24 13:29:41,559:launch_workflow for file /tmp/qiime2/vscode/data/cee541c7-cf65-4b0c-8596-d560717d3db4/data/L5S155_2_L001_R1_001.fastq.gz
INFO(131090406610752)2026-04-24 13:29:41,831:dereplicate seqs file /tmp/tmpm40vaj2t/deblur_working_dir/L5S155_2_L001_R1_001.fastq.gz.trim
INFO(131090406610752)2026-04-24 13:29:41,834:remove_artifacts_seqs file /tmp/tmpm40vaj2t/deblur_working_dir/L5S155_2_L001_R1_001.fastq.gz.trim.derep
INFO(131090406610752)2026-04-24 13:29:42,154:total sequences 67, passing sequences 67, failing sequences 0
INFO(131090406610752)2026-04-24 13:29:42,154:multiple_sequence_alignment seqs file /tmp/tmpm40vaj2t/deblur_working_dir/L5S155_2_L001_R1_001.fastq.gz.trim.derep.no_artifacts
INFO(131090406610752)2026-04-24 13:29:42,707:deblurring 67 sequences
INFO(131090406610752)2026-04-24 13:29:42,710:25 unique sequences left following deblurring
INFO(131090406610752)2026-04-24 13:29:42,710:remove_chimeras_denovo_from_seqs seqs file /tmp/tmpm40vaj2t/deblur_working_dir/L5S155_2_L001_R1_001.fastq.gz.trim.derep.no_artifacts.msa.deblurto working dir /tmp/tmpm40vaj2t/deblur_working_dir
INFO(131090406610752)2026-04-24 13:29:42,716:finished processing file
INFO(131090406610752)2026-04-24 13:29:42,716:--------------------------------------------------------
INFO(131090406610752)2026-04-24 13:29:42,716:launch_workflow for file /tmp/qiime2/vscode/data/cee541c7-cf65-4b0c-8596-d560717d3db4/data/L5S222_17_L001_R1_001.fastq.gz
INFO(131090406610752)2026-04-24 13:29:43,092:dereplicate seqs file /tmp/tmpm40vaj2t/deblur_working_dir/L5S222_17_L001_R1_001.fastq.gz.trim
INFO(131090406610752)2026-04-24 13:29:43,097:remove_artifacts_seqs file /tmp/tmpm40vaj2t/deblur_working_dir/L5S222_17_L001_R1_001.fastq.gz.trim.derep
INFO(131090406610752)2026-04-24 13:29:43,424:total sequences 100, passing sequences 100, failing sequences 0
INFO(131090406610752)2026-04-24 13:29:43,424:multiple_sequence_alignment seqs file /tmp/tmpm40vaj2t/deblur_working_dir/L5S222_17_L001_R1_001.fastq.gz.trim.derep.no_artifacts
INFO(131090406610752)2026-04-24 13:29:44,628:deblurring 100 sequences
INFO(131090406610752)2026-04-24 13:29:44,634:37 unique sequences left following deblurring
INFO(131090406610752)2026-04-24 13:29:44,634:remove_chimeras_denovo_from_seqs seqs file /tmp/tmpm40vaj2t/deblur_working_dir/L5S222_17_L001_R1_001.fastq.gz.trim.derep.no_artifacts.msa.deblurto working dir /tmp/tmpm40vaj2t/deblur_working_dir
INFO(131090406610752)2026-04-24 13:29:44,641:finished processing file
INFO(131090406610752)2026-04-24 13:29:44,641:--------------------------------------------------------
INFO(131090406610752)2026-04-24 13:29:44,641:launch_workflow for file /tmp/qiime2/vscode/data/cee541c7-cf65-4b0c-8596-d560717d3db4/data/L5S203_3_L001_R1_001.fastq.gz
INFO(131090406610752)2026-04-24 13:29:44,965:dereplicate seqs file /tmp/tmpm40vaj2t/deblur_working_dir/L5S203_3_L001_R1_001.fastq.gz.trim
INFO(131090406610752)2026-04-24 13:29:44,968:remove_artifacts_seqs file /tmp/tmpm40vaj2t/deblur_working_dir/L5S203_3_L001_R1_001.fastq.gz.trim.derep
INFO(131090406610752)2026-04-24 13:29:45,287:total sequences 90, passing sequences 90, failing sequences 0
INFO(131090406610752)2026-04-24 13:29:45,288:multiple_sequence_alignment seqs file /tmp/tmpm40vaj2t/deblur_working_dir/L5S203_3_L001_R1_001.fastq.gz.trim.derep.no_artifacts
INFO(131090406610752)2026-04-24 13:29:46,304:deblurring 90 sequences
INFO(131090406610752)2026-04-24 13:29:46,310:42 unique sequences left following deblurring
INFO(131090406610752)2026-04-24 13:29:46,311:remove_chimeras_denovo_from_seqs seqs file /tmp/tmpm40vaj2t/deblur_working_dir/L5S203_3_L001_R1_001.fastq.gz.trim.derep.no_artifacts.msa.deblurto working dir /tmp/tmpm40vaj2t/deblur_working_dir
INFO(131090406610752)2026-04-24 13:29:46,319:finished processing file
INFO(131090406610752)2026-04-24 13:29:46,319:--------------------------------------------------------
INFO(131090406610752)2026-04-24 13:29:46,319:launch_workflow for file /tmp/qiime2/vscode/data/cee541c7-cf65-4b0c-8596-d560717d3db4/data/L1S281_5_L001_R1_001.fastq.gz
INFO(131090406610752)2026-04-24 13:29:47,541:dereplicate seqs file /tmp/tmpm40vaj2t/deblur_working_dir/L1S281_5_L001_R1_001.fastq.gz.trim
INFO(131090406610752)2026-04-24 13:29:47,550:remove_artifacts_seqs file /tmp/tmpm40vaj2t/deblur_working_dir/L1S281_5_L001_R1_001.fastq.gz.trim.derep
INFO(131090406610752)2026-04-24 13:29:47,917:total sequences 416, passing sequences 416, failing sequences 0
INFO(131090406610752)2026-04-24 13:29:47,917:multiple_sequence_alignment seqs file /tmp/tmpm40vaj2t/deblur_working_dir/L1S281_5_L001_R1_001.fastq.gz.trim.derep.no_artifacts
INFO(131090406610752)2026-04-24 13:29:50,437:deblurring 416 sequences
INFO(131090406610752)2026-04-24 13:29:50,520:143 unique sequences left following deblurring
INFO(131090406610752)2026-04-24 13:29:50,521:remove_chimeras_denovo_from_seqs seqs file /tmp/tmpm40vaj2t/deblur_working_dir/L1S281_5_L001_R1_001.fastq.gz.trim.derep.no_artifacts.msa.deblurto working dir /tmp/tmpm40vaj2t/deblur_working_dir
INFO(131090406610752)2026-04-24 13:29:50,548:finished processing file
INFO(131090406610752)2026-04-24 13:29:50,549:--------------------------------------------------------
INFO(131090406610752)2026-04-24 13:29:50,549:launch_workflow for file /tmp/qiime2/vscode/data/cee541c7-cf65-4b0c-8596-d560717d3db4/data/L1S257_11_L001_R1_001.fastq.gz
INFO(131090406610752)2026-04-24 13:29:51,474:dereplicate seqs file /tmp/tmpm40vaj2t/deblur_working_dir/L1S257_11_L001_R1_001.fastq.gz.trim
INFO(131090406610752)2026-04-24 13:29:51,481:remove_artifacts_seqs file /tmp/tmpm40vaj2t/deblur_working_dir/L1S257_11_L001_R1_001.fastq.gz.trim.derep
INFO(131090406610752)2026-04-24 13:29:51,809:total sequences 363, passing sequences 363, failing sequences 0
INFO(131090406610752)2026-04-24 13:29:51,809:multiple_sequence_alignment seqs file /tmp/tmpm40vaj2t/deblur_working_dir/L1S257_11_L001_R1_001.fastq.gz.trim.derep.no_artifacts
INFO(131090406610752)2026-04-24 13:29:53,759:deblurring 363 sequences
INFO(131090406610752)2026-04-24 13:29:53,827:137 unique sequences left following deblurring
INFO(131090406610752)2026-04-24 13:29:53,828:remove_chimeras_denovo_from_seqs seqs file /tmp/tmpm40vaj2t/deblur_working_dir/L1S257_11_L001_R1_001.fastq.gz.trim.derep.no_artifacts.msa.deblurto working dir /tmp/tmpm40vaj2t/deblur_working_dir
INFO(131090406610752)2026-04-24 13:29:53,854:finished processing file
INFO(131090406610752)2026-04-24 13:29:53,854:--------------------------------------------------------
INFO(131090406610752)2026-04-24 13:29:53,854:launch_workflow for file /tmp/qiime2/vscode/data/cee541c7-cf65-4b0c-8596-d560717d3db4/data/L2S204_1_L001_R1_001.fastq.gz
INFO(131090406610752)2026-04-24 13:29:54,398:dereplicate seqs file /tmp/tmpm40vaj2t/deblur_working_dir/L2S204_1_L001_R1_001.fastq.gz.trim
INFO(131090406610752)2026-04-24 13:29:54,403:remove_artifacts_seqs file /tmp/tmpm40vaj2t/deblur_working_dir/L2S204_1_L001_R1_001.fastq.gz.trim.derep
INFO(131090406610752)2026-04-24 13:29:54,722:total sequences 236, passing sequences 236, failing sequences 0
INFO(131090406610752)2026-04-24 13:29:54,722:multiple_sequence_alignment seqs file /tmp/tmpm40vaj2t/deblur_working_dir/L2S204_1_L001_R1_001.fastq.gz.trim.derep.no_artifacts
INFO(131090406610752)2026-04-24 13:29:55,871:deblurring 236 sequences
INFO(131090406610752)2026-04-24 13:29:55,916:152 unique sequences left following deblurring
INFO(131090406610752)2026-04-24 13:29:55,917:remove_chimeras_denovo_from_seqs seqs file /tmp/tmpm40vaj2t/deblur_working_dir/L2S204_1_L001_R1_001.fastq.gz.trim.derep.no_artifacts.msa.deblurto working dir /tmp/tmpm40vaj2t/deblur_working_dir
INFO(131090406610752)2026-04-24 13:29:55,942:finished processing file
INFO(131090406610752)2026-04-24 13:29:55,942:--------------------------------------------------------
INFO(131090406610752)2026-04-24 13:29:55,942:launch_workflow for file /tmp/qiime2/vscode/data/cee541c7-cf65-4b0c-8596-d560717d3db4/data/L2S382_34_L001_R1_001.fastq.gz
INFO(131090406610752)2026-04-24 13:29:56,781:dereplicate seqs file /tmp/tmpm40vaj2t/deblur_working_dir/L2S382_34_L001_R1_001.fastq.gz.trim
INFO(131090406610752)2026-04-24 13:29:56,786:remove_artifacts_seqs file /tmp/tmpm40vaj2t/deblur_working_dir/L2S382_34_L001_R1_001.fastq.gz.trim.derep
INFO(131090406610752)2026-04-24 13:29:57,189:total sequences 261, passing sequences 261, failing sequences 0
INFO(131090406610752)2026-04-24 13:29:57,189:multiple_sequence_alignment seqs file /tmp/tmpm40vaj2t/deblur_working_dir/L2S382_34_L001_R1_001.fastq.gz.trim.derep.no_artifacts
INFO(131090406610752)2026-04-24 13:29:58,506:deblurring 261 sequences
INFO(131090406610752)2026-04-24 13:29:58,566:200 unique sequences left following deblurring
INFO(131090406610752)2026-04-24 13:29:58,566:remove_chimeras_denovo_from_seqs seqs file /tmp/tmpm40vaj2t/deblur_working_dir/L2S382_34_L001_R1_001.fastq.gz.trim.derep.no_artifacts.msa.deblurto working dir /tmp/tmpm40vaj2t/deblur_working_dir
INFO(131090406610752)2026-04-24 13:29:58,597:finished processing file
INFO(131090406610752)2026-04-24 13:29:58,597:--------------------------------------------------------
INFO(131090406610752)2026-04-24 13:29:58,597:launch_workflow for file /tmp/qiime2/vscode/data/cee541c7-cf65-4b0c-8596-d560717d3db4/data/L2S240_7_L001_R1_001.fastq.gz
INFO(131090406610752)2026-04-24 13:29:59,634:dereplicate seqs file /tmp/tmpm40vaj2t/deblur_working_dir/L2S240_7_L001_R1_001.fastq.gz.trim
INFO(131090406610752)2026-04-24 13:29:59,640:remove_artifacts_seqs file /tmp/tmpm40vaj2t/deblur_working_dir/L2S240_7_L001_R1_001.fastq.gz.trim.derep
INFO(131090406610752)2026-04-24 13:30:00,001:total sequences 253, passing sequences 253, failing sequences 0
INFO(131090406610752)2026-04-24 13:30:00,001:multiple_sequence_alignment seqs file /tmp/tmpm40vaj2t/deblur_working_dir/L2S240_7_L001_R1_001.fastq.gz.trim.derep.no_artifacts
INFO(131090406610752)2026-04-24 13:30:01,243:deblurring 253 sequences
INFO(131090406610752)2026-04-24 13:30:01,271:78 unique sequences left following deblurring
INFO(131090406610752)2026-04-24 13:30:01,271:remove_chimeras_denovo_from_seqs seqs file /tmp/tmpm40vaj2t/deblur_working_dir/L2S240_7_L001_R1_001.fastq.gz.trim.derep.no_artifacts.msa.deblurto working dir /tmp/tmpm40vaj2t/deblur_working_dir
INFO(131090406610752)2026-04-24 13:30:01,286:finished processing file
INFO(131090406610752)2026-04-24 13:30:01,286:--------------------------------------------------------
INFO(131090406610752)2026-04-24 13:30:01,286:launch_workflow for file /tmp/qiime2/vscode/data/cee541c7-cf65-4b0c-8596-d560717d3db4/data/L1S76_12_L001_R1_001.fastq.gz
INFO(131090406610752)2026-04-24 13:30:02,557:dereplicate seqs file /tmp/tmpm40vaj2t/deblur_working_dir/L1S76_12_L001_R1_001.fastq.gz.trim
INFO(131090406610752)2026-04-24 13:30:02,565:remove_artifacts_seqs file /tmp/tmpm40vaj2t/deblur_working_dir/L1S76_12_L001_R1_001.fastq.gz.trim.derep
INFO(131090406610752)2026-04-24 13:30:02,899:total sequences 441, passing sequences 441, failing sequences 0
INFO(131090406610752)2026-04-24 13:30:02,899:multiple_sequence_alignment seqs file /tmp/tmpm40vaj2t/deblur_working_dir/L1S76_12_L001_R1_001.fastq.gz.trim.derep.no_artifacts
INFO(131090406610752)2026-04-24 13:30:06,811:deblurring 441 sequences
INFO(131090406610752)2026-04-24 13:30:06,874:107 unique sequences left following deblurring
INFO(131090406610752)2026-04-24 13:30:06,874:remove_chimeras_denovo_from_seqs seqs file /tmp/tmpm40vaj2t/deblur_working_dir/L1S76_12_L001_R1_001.fastq.gz.trim.derep.no_artifacts.msa.deblurto working dir /tmp/tmpm40vaj2t/deblur_working_dir
INFO(131090406610752)2026-04-24 13:30:06,895:finished processing file
INFO(131090406610752)2026-04-24 13:30:06,895:--------------------------------------------------------
INFO(131090406610752)2026-04-24 13:30:06,895:launch_workflow for file /tmp/qiime2/vscode/data/cee541c7-cf65-4b0c-8596-d560717d3db4/data/L6S68_30_L001_R1_001.fastq.gz
INFO(131090406610752)2026-04-24 13:30:07,907:dereplicate seqs file /tmp/tmpm40vaj2t/deblur_working_dir/L6S68_30_L001_R1_001.fastq.gz.trim
INFO(131090406610752)2026-04-24 13:30:07,916:remove_artifacts_seqs file /tmp/tmpm40vaj2t/deblur_working_dir/L6S68_30_L001_R1_001.fastq.gz.trim.derep
INFO(131090406610752)2026-04-24 13:30:08,286:total sequences 249, passing sequences 249, failing sequences 0
INFO(131090406610752)2026-04-24 13:30:08,286:multiple_sequence_alignment seqs file /tmp/tmpm40vaj2t/deblur_working_dir/L6S68_30_L001_R1_001.fastq.gz.trim.derep.no_artifacts
INFO(131090406610752)2026-04-24 13:30:09,721:deblurring 249 sequences
INFO(131090406610752)2026-04-24 13:30:09,749:61 unique sequences left following deblurring
INFO(131090406610752)2026-04-24 13:30:09,749:remove_chimeras_denovo_from_seqs seqs file /tmp/tmpm40vaj2t/deblur_working_dir/L6S68_30_L001_R1_001.fastq.gz.trim.derep.no_artifacts.msa.deblurto working dir /tmp/tmpm40vaj2t/deblur_working_dir
INFO(131090406610752)2026-04-24 13:30:09,762:finished processing file
INFO(131090406610752)2026-04-24 13:30:09,762:--------------------------------------------------------
INFO(131090406610752)2026-04-24 13:30:09,762:launch_workflow for file /tmp/qiime2/vscode/data/cee541c7-cf65-4b0c-8596-d560717d3db4/data/L1S105_9_L001_R1_001.fastq.gz
INFO(131090406610752)2026-04-24 13:30:11,269:dereplicate seqs file /tmp/tmpm40vaj2t/deblur_working_dir/L1S105_9_L001_R1_001.fastq.gz.trim
INFO(131090406610752)2026-04-24 13:30:11,281:remove_artifacts_seqs file /tmp/tmpm40vaj2t/deblur_working_dir/L1S105_9_L001_R1_001.fastq.gz.trim.derep
INFO(131090406610752)2026-04-24 13:30:11,693:total sequences 484, passing sequences 484, failing sequences 0
INFO(131090406610752)2026-04-24 13:30:11,694:multiple_sequence_alignment seqs file /tmp/tmpm40vaj2t/deblur_working_dir/L1S105_9_L001_R1_001.fastq.gz.trim.derep.no_artifacts
INFO(131090406610752)2026-04-24 13:30:15,690:deblurring 484 sequences
INFO(131090406610752)2026-04-24 13:30:15,766:111 unique sequences left following deblurring
INFO(131090406610752)2026-04-24 13:30:15,767:remove_chimeras_denovo_from_seqs seqs file /tmp/tmpm40vaj2t/deblur_working_dir/L1S105_9_L001_R1_001.fastq.gz.trim.derep.no_artifacts.msa.deblurto working dir /tmp/tmpm40vaj2t/deblur_working_dir
INFO(131090406610752)2026-04-24 13:30:15,787:finished processing file
INFO(131090406610752)2026-04-24 13:30:15,787:--------------------------------------------------------
INFO(131090406610752)2026-04-24 13:30:15,787:launch_workflow for file /tmp/qiime2/vscode/data/cee541c7-cf65-4b0c-8596-d560717d3db4/data/L2S222_23_L001_R1_001.fastq.gz
INFO(131090406610752)2026-04-24 13:30:16,466:dereplicate seqs file /tmp/tmpm40vaj2t/deblur_working_dir/L2S222_23_L001_R1_001.fastq.gz.trim
INFO(131090406610752)2026-04-24 13:30:16,471:remove_artifacts_seqs file /tmp/tmpm40vaj2t/deblur_working_dir/L2S222_23_L001_R1_001.fastq.gz.trim.derep
INFO(131090406610752)2026-04-24 13:30:16,845:total sequences 327, passing sequences 327, failing sequences 0
INFO(131090406610752)2026-04-24 13:30:16,845:multiple_sequence_alignment seqs file /tmp/tmpm40vaj2t/deblur_working_dir/L2S222_23_L001_R1_001.fastq.gz.trim.derep.no_artifacts
INFO(131090406610752)2026-04-24 13:30:18,966:deblurring 327 sequences
INFO(131090406610752)2026-04-24 13:30:19,077:288 unique sequences left following deblurring
INFO(131090406610752)2026-04-24 13:30:19,079:remove_chimeras_denovo_from_seqs seqs file /tmp/tmpm40vaj2t/deblur_working_dir/L2S222_23_L001_R1_001.fastq.gz.trim.derep.no_artifacts.msa.deblurto working dir /tmp/tmpm40vaj2t/deblur_working_dir
INFO(131090406610752)2026-04-24 13:30:19,122:finished processing file
INFO(131090406610752)2026-04-24 13:30:19,122:--------------------------------------------------------
INFO(131090406610752)2026-04-24 13:30:19,122:launch_workflow for file /tmp/qiime2/vscode/data/cee541c7-cf65-4b0c-8596-d560717d3db4/data/L3S341_18_L001_R1_001.fastq.gz
INFO(131090406610752)2026-04-24 13:30:19,293:dereplicate seqs file /tmp/tmpm40vaj2t/deblur_working_dir/L3S341_18_L001_R1_001.fastq.gz.trim
INFO(131090406610752)2026-04-24 13:30:19,296:remove_artifacts_seqs file /tmp/tmpm40vaj2t/deblur_working_dir/L3S341_18_L001_R1_001.fastq.gz.trim.derep
INFO(131090406610752)2026-04-24 13:30:19,611:total sequences 95, passing sequences 95, failing sequences 0
INFO(131090406610752)2026-04-24 13:30:19,611:multiple_sequence_alignment seqs file /tmp/tmpm40vaj2t/deblur_working_dir/L3S341_18_L001_R1_001.fastq.gz.trim.derep.no_artifacts
INFO(131090406610752)2026-04-24 13:30:20,696:deblurring 95 sequences
INFO(131090406610752)2026-04-24 13:30:20,707:86 unique sequences left following deblurring
INFO(131090406610752)2026-04-24 13:30:20,708:remove_chimeras_denovo_from_seqs seqs file /tmp/tmpm40vaj2t/deblur_working_dir/L3S341_18_L001_R1_001.fastq.gz.trim.derep.no_artifacts.msa.deblurto working dir /tmp/tmpm40vaj2t/deblur_working_dir
INFO(131090406610752)2026-04-24 13:30:20,721:finished processing file
INFO(131090406610752)2026-04-24 13:30:20,721:--------------------------------------------------------
INFO(131090406610752)2026-04-24 13:30:20,721:launch_workflow for file /tmp/qiime2/vscode/data/cee541c7-cf65-4b0c-8596-d560717d3db4/data/L2S309_33_L001_R1_001.fastq.gz
INFO(131090406610752)2026-04-24 13:30:20,972:dereplicate seqs file /tmp/tmpm40vaj2t/deblur_working_dir/L2S309_33_L001_R1_001.fastq.gz.trim
INFO(131090406610752)2026-04-24 13:30:20,976:remove_artifacts_seqs file /tmp/tmpm40vaj2t/deblur_working_dir/L2S309_33_L001_R1_001.fastq.gz.trim.derep
INFO(131090406610752)2026-04-24 13:30:21,298:total sequences 124, passing sequences 124, failing sequences 0
INFO(131090406610752)2026-04-24 13:30:21,299:multiple_sequence_alignment seqs file /tmp/tmpm40vaj2t/deblur_working_dir/L2S309_33_L001_R1_001.fastq.gz.trim.derep.no_artifacts
INFO(131090406610752)2026-04-24 13:30:23,087:deblurring 124 sequences
INFO(131090406610752)2026-04-24 13:30:23,103:99 unique sequences left following deblurring
INFO(131090406610752)2026-04-24 13:30:23,103:remove_chimeras_denovo_from_seqs seqs file /tmp/tmpm40vaj2t/deblur_working_dir/L2S309_33_L001_R1_001.fastq.gz.trim.derep.no_artifacts.msa.deblurto working dir /tmp/tmpm40vaj2t/deblur_working_dir
INFO(131090406610752)2026-04-24 13:30:23,118:finished processing file
INFO(131090406610752)2026-04-24 13:30:23,118:--------------------------------------------------------
INFO(131090406610752)2026-04-24 13:30:23,118:launch_workflow for file /tmp/qiime2/vscode/data/cee541c7-cf65-4b0c-8596-d560717d3db4/data/L5S104_28_L001_R1_001.fastq.gz
INFO(131090406610752)2026-04-24 13:30:23,441:dereplicate seqs file /tmp/tmpm40vaj2t/deblur_working_dir/L5S104_28_L001_R1_001.fastq.gz.trim
INFO(131090406610752)2026-04-24 13:30:23,445:remove_artifacts_seqs file /tmp/tmpm40vaj2t/deblur_working_dir/L5S104_28_L001_R1_001.fastq.gz.trim.derep
INFO(131090406610752)2026-04-24 13:30:23,762:total sequences 80, passing sequences 80, failing sequences 0
INFO(131090406610752)2026-04-24 13:30:23,762:multiple_sequence_alignment seqs file /tmp/tmpm40vaj2t/deblur_working_dir/L5S104_28_L001_R1_001.fastq.gz.trim.derep.no_artifacts
INFO(131090406610752)2026-04-24 13:30:24,723:deblurring 80 sequences
INFO(131090406610752)2026-04-24 13:30:24,727:38 unique sequences left following deblurring
INFO(131090406610752)2026-04-24 13:30:24,728:remove_chimeras_denovo_from_seqs seqs file /tmp/tmpm40vaj2t/deblur_working_dir/L5S104_28_L001_R1_001.fastq.gz.trim.derep.no_artifacts.msa.deblurto working dir /tmp/tmpm40vaj2t/deblur_working_dir
INFO(131090406610752)2026-04-24 13:30:24,734:finished processing file
INFO(131090406610752)2026-04-24 13:30:24,735:--------------------------------------------------------
INFO(131090406610752)2026-04-24 13:30:24,735:launch_workflow for file /tmp/qiime2/vscode/data/cee541c7-cf65-4b0c-8596-d560717d3db4/data/L2S155_25_L001_R1_001.fastq.gz
INFO(131090406610752)2026-04-24 13:30:25,370:dereplicate seqs file /tmp/tmpm40vaj2t/deblur_working_dir/L2S155_25_L001_R1_001.fastq.gz.trim
INFO(131090406610752)2026-04-24 13:30:25,376:remove_artifacts_seqs file /tmp/tmpm40vaj2t/deblur_working_dir/L2S155_25_L001_R1_001.fastq.gz.trim.derep
INFO(131090406610752)2026-04-24 13:30:25,696:total sequences 260, passing sequences 260, failing sequences 0
INFO(131090406610752)2026-04-24 13:30:25,696:multiple_sequence_alignment seqs file /tmp/tmpm40vaj2t/deblur_working_dir/L2S155_25_L001_R1_001.fastq.gz.trim.derep.no_artifacts
INFO(131090406610752)2026-04-24 13:30:27,135:deblurring 260 sequences
INFO(131090406610752)2026-04-24 13:30:27,206:178 unique sequences left following deblurring
INFO(131090406610752)2026-04-24 13:30:27,207:remove_chimeras_denovo_from_seqs seqs file /tmp/tmpm40vaj2t/deblur_working_dir/L2S155_25_L001_R1_001.fastq.gz.trim.derep.no_artifacts.msa.deblurto working dir /tmp/tmpm40vaj2t/deblur_working_dir
INFO(131090406610752)2026-04-24 13:30:27,233:finished processing file
INFO(131090406610752)2026-04-24 13:30:27,233:--------------------------------------------------------
INFO(131090406610752)2026-04-24 13:30:27,233:launch_workflow for file /tmp/qiime2/vscode/data/cee541c7-cf65-4b0c-8596-d560717d3db4/data/L4S112_26_L001_R1_001.fastq.gz
INFO(131090406610752)2026-04-24 13:30:28,558:dereplicate seqs file /tmp/tmpm40vaj2t/deblur_working_dir/L4S112_26_L001_R1_001.fastq.gz.trim
INFO(131090406610752)2026-04-24 13:30:28,566:remove_artifacts_seqs file /tmp/tmpm40vaj2t/deblur_working_dir/L4S112_26_L001_R1_001.fastq.gz.trim.derep
INFO(131090406610752)2026-04-24 13:30:28,892:total sequences 510, passing sequences 510, failing sequences 0
INFO(131090406610752)2026-04-24 13:30:28,892:multiple_sequence_alignment seqs file /tmp/tmpm40vaj2t/deblur_working_dir/L4S112_26_L001_R1_001.fastq.gz.trim.derep.no_artifacts
INFO(131090406610752)2026-04-24 13:30:29,414:deblurring 510 sequences
INFO(131090406610752)2026-04-24 13:30:29,600:282 unique sequences left following deblurring
INFO(131090406610752)2026-04-24 13:30:29,602:remove_chimeras_denovo_from_seqs seqs file /tmp/tmpm40vaj2t/deblur_working_dir/L4S112_26_L001_R1_001.fastq.gz.trim.derep.no_artifacts.msa.deblurto working dir /tmp/tmpm40vaj2t/deblur_working_dir
INFO(131090406610752)2026-04-24 13:30:29,649:finished processing file
INFO(131090406610752)2026-04-24 13:30:29,650:--------------------------------------------------------
INFO(131090406610752)2026-04-24 13:30:29,650:launch_workflow for file /tmp/qiime2/vscode/data/cee541c7-cf65-4b0c-8596-d560717d3db4/data/L3S378_24_L001_R1_001.fastq.gz
INFO(131090406610752)2026-04-24 13:30:29,888:dereplicate seqs file /tmp/tmpm40vaj2t/deblur_working_dir/L3S378_24_L001_R1_001.fastq.gz.trim
INFO(131090406610752)2026-04-24 13:30:29,891:remove_artifacts_seqs file /tmp/tmpm40vaj2t/deblur_working_dir/L3S378_24_L001_R1_001.fastq.gz.trim.derep
INFO(131090406610752)2026-04-24 13:30:30,277:total sequences 80, passing sequences 80, failing sequences 0
INFO(131090406610752)2026-04-24 13:30:30,277:multiple_sequence_alignment seqs file /tmp/tmpm40vaj2t/deblur_working_dir/L3S378_24_L001_R1_001.fastq.gz.trim.derep.no_artifacts
INFO(131090406610752)2026-04-24 13:30:31,008:deblurring 80 sequences
INFO(131090406610752)2026-04-24 13:30:31,015:52 unique sequences left following deblurring
INFO(131090406610752)2026-04-24 13:30:31,015:remove_chimeras_denovo_from_seqs seqs file /tmp/tmpm40vaj2t/deblur_working_dir/L3S378_24_L001_R1_001.fastq.gz.trim.derep.no_artifacts.msa.deblurto working dir /tmp/tmpm40vaj2t/deblur_working_dir
INFO(131090406610752)2026-04-24 13:30:31,025:finished processing file
INFO(131090406610752)2026-04-24 13:30:31,025:--------------------------------------------------------
INFO(131090406610752)2026-04-24 13:30:31,025:launch_workflow for file /tmp/qiime2/vscode/data/cee541c7-cf65-4b0c-8596-d560717d3db4/data/L3S294_16_L001_R1_001.fastq.gz
INFO(131090406610752)2026-04-24 13:30:31,237:dereplicate seqs file /tmp/tmpm40vaj2t/deblur_working_dir/L3S294_16_L001_R1_001.fastq.gz.trim
INFO(131090406610752)2026-04-24 13:30:31,240:remove_artifacts_seqs file /tmp/tmpm40vaj2t/deblur_working_dir/L3S294_16_L001_R1_001.fastq.gz.trim.derep
INFO(131090406610752)2026-04-24 13:30:31,567:total sequences 82, passing sequences 82, failing sequences 0
INFO(131090406610752)2026-04-24 13:30:31,567:multiple_sequence_alignment seqs file /tmp/tmpm40vaj2t/deblur_working_dir/L3S294_16_L001_R1_001.fastq.gz.trim.derep.no_artifacts
INFO(131090406610752)2026-04-24 13:30:32,422:deblurring 82 sequences
INFO(131090406610752)2026-04-24 13:30:32,429:65 unique sequences left following deblurring
INFO(131090406610752)2026-04-24 13:30:32,430:remove_chimeras_denovo_from_seqs seqs file /tmp/tmpm40vaj2t/deblur_working_dir/L3S294_16_L001_R1_001.fastq.gz.trim.derep.no_artifacts.msa.deblurto working dir /tmp/tmpm40vaj2t/deblur_working_dir
INFO(131090406610752)2026-04-24 13:30:32,440:finished processing file
INFO(131090406610752)2026-04-24 13:30:32,440:finished processing per sample fasta files
INFO(131090406610752)2026-04-24 13:30:32,441:create_otu_table for 34 samples, into output table /tmp/tmpm40vaj2t/all.biom
INFO(131090406610752)2026-04-24 13:30:32,555:for output biom table loaded 34 samples, 1326 unique sequences
INFO(131090406610752)2026-04-24 13:30:32,556:keeping 488 (out of 1326 sequences) with >=10 reads
INFO(131090406610752)2026-04-24 13:30:32,582:saved to biom file /tmp/tmpm40vaj2t/all.biom
INFO(131090406610752)2026-04-24 13:30:32,583:saved sequence fasta file to /tmp/tmpm40vaj2t/all.seqs.fa
INFO(131090406610752)2026-04-24 13:30:32,583:getting 16s sequences from the biom table
INFO(131090406610752)2026-04-24 13:30:32,583:remove_artifacts_seqs file /tmp/tmpm40vaj2t/all.seqs.fa
INFO(131090406610752)2026-04-24 13:30:34,203:total sequences 488, passing sequences 485, failing sequences 3
WARNING(131090406610752)2026-04-24 13:30:34,224:removed 25 samples with reads per sample<1
INFO(131090406610752)2026-04-24 13:30:34,230:wrote artifact only filtered biom table to /tmp/tmpm40vaj2t/reference-non-hit.biom
INFO(131090406610752)2026-04-24 13:30:34,230:saved biom table sequences to fasta file /tmp/tmpm40vaj2t/reference-non-hit.seqs.fa
INFO(131090406610752)2026-04-24 13:30:34,236:wrote 16s filtered biom table to /tmp/tmpm40vaj2t/reference-hit.biom
INFO(131090406610752)2026-04-24 13:30:34,237:saved biom table sequences to fasta file /tmp/tmpm40vaj2t/reference-hit.seqs.fa
INFO(131090406610752)2026-04-24 13:30:34,237:Keeping temp files
INFO(131090406610752)2026-04-24 13:30:34,237:deblur workflow finished
INFO(131090406610752)2026-04-24 13:30:34,237:output saved to /tmp/tmpm40vaj2t/all.biom
INFO(131090406610752)2026-04-24 13:30:34,237:------------------
